[html.rudhisasmito.com/walls/index.html]
[backblue.gif]
[fade.gif]
[index.html]
[html.rudhisasmito.com/walls/images/favicon.ico]
[html.rudhisasmito.com/walls/images/apple-touch-icon.png]
[html.rudhisasmito.com/walls/images/apple-touch-icon-72x72.png]
[html.rudhisasmito.com/walls/images/apple-touch-icon-114x114.png]
[html.rudhisasmito.com/walls/css/vendor/font-awesome.min.css]
[html.rudhisasmito.com/walls/css/vendor/bootstrap.min.css]
[html.rudhisasmito.com/walls/css/vendor/owl.carousel.min.css]
[html.rudhisasmito.com/walls/css/vendor/owl.theme.default.min.css]
[html.rudhisasmito.com/walls/css/vendor/magnific-popup.css]
[html.rudhisasmito.com/walls/css/style.css]
[html.rudhisasmito.com/walls/js/vendor/modernizr.min.js]
[html.rudhisasmito.com/walls/career.html]
[html.rudhisasmito.com/walls/images/logo.png]
[html.rudhisasmito.com/walls/images/logo-stiky.png]
[html.rudhisasmito.com/walls/index-2.html]
[html.rudhisasmito.com/walls/index-3.html]
[html.rudhisasmito.com/walls/about-company.html]
[html.rudhisasmito.com/walls/about-history.html]
[html.rudhisasmito.com/walls/about-team.html]
[html.rudhisasmito.com/walls/about-partners.html]
[html.rudhisasmito.com/walls/services.html]
[html.rudhisasmito.com/walls/services-2.html]
[html.rudhisasmito.com/walls/services-detail.html]
[html.rudhisasmito.com/walls/faq.html]
[html.rudhisasmito.com/walls/pricing-table.html]
[html.rudhisasmito.com/walls/404page.html]
[html.rudhisasmito.com/walls/project-grid.html]
[html.rudhisasmito.com/walls/project-detail.html]
[html.rudhisasmito.com/walls/news-grid.html]
[html.rudhisasmito.com/walls/news-sidebar.html]
[html.rudhisasmito.com/walls/news-detail.html]
[html.rudhisasmito.com/walls/contact-2.html]
[html.rudhisasmito.com/walls/contact-quote.html]
[html.rudhisasmito.com/walls/images/slide-1.jpg]
[html.rudhisasmito.com/walls/images/slide-2.jpg]
[html.rudhisasmito.com/walls/images/slide-3.jpg]
[html.rudhisasmito.com/walls/images/why-thumb-1.jpg]
[html.rudhisasmito.com/walls/images/why-thumb-2.jpg]
[html.rudhisasmito.com/walls/images/why-thumb-3.jpg]
[html.rudhisasmito.com/walls/images/about-img-2.jpg]
[html.rudhisasmito.com/walls/images/about-img-1.jpg]
[html.rudhisasmito.com/walls/images/project-img-1.jpg]
[html.rudhisasmito.com/walls/images/project-img-2.jpg]
[html.rudhisasmito.com/walls/images/project-img-3.jpg]
[html.rudhisasmito.com/walls/images/project-img-4.jpg]
[html.rudhisasmito.com/walls/images/project-img-5.jpg]
[html.rudhisasmito.com/walls/images/project-img-6.jpg]
[html.rudhisasmito.com/walls/images/project-img-7.jpg]
[html.rudhisasmito.com/walls/images/project-img-8.jpg]
[html.rudhisasmito.com/walls/images/project-img-9.jpg]
[html.rudhisasmito.com/walls/images/testimony-thumb-1.jpg]
[html.rudhisasmito.com/walls/images/testimony-thumb-2.jpg]
[html.rudhisasmito.com/walls/images/testimony-thumb-3.jpg]
[html.rudhisasmito.com/walls/images/testimony-thumb-4.jpg]
[html.rudhisasmito.com/walls/images/blog-1.jpg]
[html.rudhisasmito.com/walls/images/blog-2.jpg]
[html.rudhisasmito.com/walls/images/blog-3.jpg]
[html.rudhisasmito.com/walls/images/partners-1.png]
[html.rudhisasmito.com/walls/images/partners-2.png]
[html.rudhisasmito.com/walls/images/partners-3.png]
[html.rudhisasmito.com/walls/images/partners-4.png]
[html.rudhisasmito.com/walls/images/partners-5.png]
[html.rudhisasmito.com/walls/images/partners-6.png]
[html.rudhisasmito.com/walls/js/vendor/bootstrap.min.js]
[html.rudhisasmito.com/walls/js/vendor/jquery.superslides.js]
[html.rudhisasmito.com/walls/js/vendor/jquery.min.js]
[html.rudhisasmito.com/walls/js/vendor/bootstrap-hover-dropdown.min.js]
[html.rudhisasmito.com/walls/js/vendor/jquery.magnific-popup.min.js]
[html.rudhisasmito.com/walls/js/vendor/owl.carousel.js]
[html.rudhisasmito.com/walls/js/vendor/easings.js]
[html.rudhisasmito.com/walls/js/vendor/isotope.pkgd.min.js]
[html.rudhisasmito.com/walls/js/vendor/validator.min.js]
[html.rudhisasmito.com/walls/js/vendor/form-scripts.js]
[html.rudhisasmito.com/walls/js/script.js]
[html.rudhisasmito.com/walls/index.html]
[html.rudhisasmito.com/walls/css/vendor/bootstrap.min.css]
[html.rudhisasmito.com/walls/fonts/fontawesome-webfont862f.eot]
[html.rudhisasmito.com/walls/fonts/fontawesome-webfontd41d.eot]
[html.rudhisasmito.com/walls/fonts/fontawesome-webfont862f.woff]
[html.rudhisasmito.com/walls/fonts/fontawesome-webfont862f.ttf]
[html.rudhisasmito.com/walls/css/vendor/font-awesome.min.css]
[html.rudhisasmito.com/walls/css/vendor/owl.carousel.min.css]
[html.rudhisasmito.com/walls/css/vendor/owl.theme.default.min.css]
[html.rudhisasmito.com/walls/css/vendor/magnific-popup.css]
[html.rudhisasmito.com/walls/fonts/walls-webfontc56b.eot]
[html.rudhisasmito.com/walls/fonts/walls-webfontc56b.woff]
[html.rudhisasmito.com/walls/fonts/walls-webfontc56b.ttf]
[html.rudhisasmito.com/walls/images/bgoverlay-1.jpg]
[html.rudhisasmito.com/walls/images/banner-page.jpg]
[html.rudhisasmito.com/walls/css/style.css]
[html.rudhisasmito.com/walls/career.html]
[html.rudhisasmito.com/walls/contact-feedback.html]
[html.rudhisasmito.com/walls/Contact.html]
[html.rudhisasmito.com/walls/images/testimony-thumb-5.jpg]
[html.rudhisasmito.com/walls/index-2.html]
[html.rudhisasmito.com/walls/images/about-img-3.jpg]
[html.rudhisasmito.com/walls/index-3.html]
[html.rudhisasmito.com/walls/images/welcome-img.jpg]
[html.rudhisasmito.com/walls/images/about-img-4.jpg]
[html.rudhisasmito.com/walls/about-company.html]
[html.rudhisasmito.com/walls/images/blog-4.jpg]
[html.rudhisasmito.com/walls/images/history-1.jpg]
[html.rudhisasmito.com/walls/images/history-2.jpg]
[html.rudhisasmito.com/walls/images/history-3.jpg]
[html.rudhisasmito.com/walls/images/history-4.jpg]
[html.rudhisasmito.com/walls/about-history.html]
[html.rudhisasmito.com/walls/images/director.png]
[html.rudhisasmito.com/walls/images/team-1.jpg]
[html.rudhisasmito.com/walls/images/team-2.jpg]
[html.rudhisasmito.com/walls/images/team-3.jpg]
[html.rudhisasmito.com/walls/images/team-4.jpg]
[html.rudhisasmito.com/walls/images/team-5.jpg]
[html.rudhisasmito.com/walls/images/team-6.jpg]
[html.rudhisasmito.com/walls/about-team.html]
[html.rudhisasmito.com/walls/about-partners.html]
[html.rudhisasmito.com/walls/images/logo-light.png]
[html.rudhisasmito.com/walls/services.html]
[html.rudhisasmito.com/walls/services-2.html]
[html.rudhisasmito.com/walls/images/service-detail-1.jpg]
[html.rudhisasmito.com/walls/services-detail.html]
[html.rudhisasmito.com/walls/faq.html]
[html.rudhisasmito.com/walls/pricing-table.html]
[html.rudhisasmito.com/walls/404page.html]
[html.rudhisasmito.com/walls/project-grid.html]
[html.rudhisasmito.com/walls/images/project-detail-2.jpg]
[html.rudhisasmito.com/walls/project-detail.html]
[html.rudhisasmito.com/walls/images/blog-5.jpg]
[html.rudhisasmito.com/walls/images/blog-6.jpg]
[html.rudhisasmito.com/walls/news-grid.html]
[html.rudhisasmito.com/walls/news-sidebar.html]
[html.rudhisasmito.com/walls/news-detail.html]
[html.rudhisasmito.com/walls/contact-2.html]
[html.rudhisasmito.com/walls/contact-quote.html]
[html.rudhisasmito.com/walls/css/fonts/glyphicons-halflings-regular.html]
[html.rudhisasmito.com/walls/css/fonts/glyphicons-halflings-regulard41d.html]
[html.rudhisasmito.com/walls/css/fonts/glyphicons-halflings-regular-2.html]
[html.rudhisasmito.com/walls/css/fonts/glyphicons-halflings-regular-3.html]
[html.rudhisasmito.com/walls/css/fonts/glyphicons-halflings-regular-4.html]
[html.rudhisasmito.com/walls/css/fonts/glyphicons-halflings-regular-5.html]
[html.rudhisasmito.com/walls/fonts/fontawesome-webfont862f.svg]
[html.rudhisasmito.com/walls/css/vendor/owl.video.play.html]
[html.rudhisasmito.com/walls/fonts/walls-webfontc56b.html]
[html.rudhisasmito.com/walls/fonts/walls-webfontc56b.svg]
[html.rudhisasmito.com/walls/images/cd-top-arrow.svg]
[html.rudhisasmito.com/walls/images/link.html]
[html.rudhisasmito.com/walls/images/slide2-2.html]
[html.rudhisasmito.com/walls/images/cd-icon-controller.svg]
